// Jest Snapshot v1, https://goo.gl/fbAQLP

exports[`action-view can mount ActionView 1`] = `
<div class="SharpActionView">
	<router-view-stub></router-view-stub>
	<notifications-stub group="" width="300" reverse="true" position="top right" classes="vue-notification" animationtype="css" animation="[object Object]" animationname="slideRight" speed="300" cooldown="0" duration="3000" delay="0"
	    max="Infinity" closeonclick="true" style="top: 6rem; right: 1rem;"></notifications-stub>
	<loadingoverlay-stub fade="true" class="SharpActionView__loading"></loadingoverlay-stub>
</div>
`;

exports[`action-view can mount ActionView with error page 1`] = `
<div class="SharpActionView">
	<div class="container">
		<actionbar-stub></actionbar-stub>
		<h1>Error 404</h1>
		<p>ERROR MESSAGE</p>
	</div>
	<loadingoverlay-stub fade="true" class="SharpActionView__loading"></loadingoverlay-stub>
</div>
`;

exports[`action-view can mount ActionView with notification 1`] = `
<div class="SharpActionView">
	<router-view-stub></router-view-stub>
	<notifications-stub group="" width="300" reverse="true" position="top right" classes="vue-notification" animationtype="css" animation="[object Object]" animationname="slideRight" speed="300" cooldown="0" duration="3000" delay="0"
	    max="Infinity" closeonclick="true" style="top: 6rem; right: 1rem;"></notifications-stub>
	<loadingoverlay-stub fade="true" class="SharpActionView__loading"></loadingoverlay-stub>
</div>
`;

exports[`action-view can mount with multiple modals 1`] = `
<div class="SharpActionView">
	<router-view-stub></router-view-stub>
	<notifications-stub group="" width="300" reverse="true" position="top right" classes="vue-notification" animationtype="css" animation="[object Object]" animationname="slideRight" speed="300" cooldown="0" duration="3000" delay="0"
	    max="Infinity" closeonclick="true" style="top: 6rem; right: 1rem;"></notifications-stub>
	<modal-stub visible="true" okonly="true" okvariant="primary" nocloseonbackdrop="true" nocloseonesc="true">
		<div>Modal 1</div>
	</modal-stub>
	<modal-stub visible="true" oktitle="modals.confirm.ok_button" okvariant="primary" size="sm" hideheader="true" bodyclass="pt-4">
		<div>Modal 2</div>
	</modal-stub>
	<loadingoverlay-stub fade="true" class="SharpActionView__loading"></loadingoverlay-stub>
</div>
`;

exports[`action-view loading 1`] = `
<div class="SharpActionView">
	<router-view-stub></router-view-stub>
	<notifications-stub group="" width="300" reverse="true" position="top right" classes="vue-notification" animationtype="css" animation="[object Object]" animationname="slideRight" speed="300" cooldown="0" duration="3000" delay="0"
	    max="Infinity" closeonclick="true" style="top: 6rem; right: 1rem;"></notifications-stub>
	<modal-stub visible="true" okonly="true" okvariant="primary" nocloseonbackdrop="true" nocloseonesc="true">
		<div>Modal 1</div>
	</modal-stub>
	<modal-stub visible="true" oktitle="modals.confirm.ok_button" okvariant="primary" size="sm" hideheader="true" bodyclass="pt-4">
		<div>Modal 2</div>
	</modal-stub>
	<loadingoverlay-stub fade="true" class="SharpActionView__loading" visible="true"></loadingoverlay-stub>
</div>
`;
